[31m[Nest] 5776  - [39m29/08/2026, 1:23:39 am [31m  ERROR[39m [38;5;3m[HttpExceptionFilter] [39m[31mGET /api/v1/villages/undefined[39m
QueryFailedError: invalid input syntax for type uuid: "undefined"
    at PostgresQueryRunner.query (D:\Hospital-chatbot\server\node_modules\typeorm\driver\postgres\PostgresQueryRunner.js:216:19)
    at process.processTicksAndRejections (node:internal/process/task_queues:104:5)
    at async SelectQueryBuilder.loadRawResults (D:\Hospital-chatbot\server\node_modules\typeorm\query-builder\SelectQueryBuilder.js:2220:25)
    at async SelectQueryBuilder.executeEntitiesAndRawResults (D:\Hospital-chatbot\server\node_modules\typeorm\query-builder\SelectQueryBuilder.js:2068:26)
    at async SelectQueryBuilder.getRawAndEntities (D:\Hospital-chatbot\server\node_modules\typeorm\query-builder\SelectQueryBuilder.js:662:29)
    at async SelectQueryBuilder.getOne (D:\Hospital-chatbot\server\node_modules\typeorm\query-builder\SelectQueryBuilder.js:689:25)
    at async VillagesService.findOne (file:///D:/Hospital-chatbot/server/dist/modules/villages/villages.service.js:32:38)
    at async D:\Hospital-chatbot\server\node_modules\@nestjs\core\router\router-execution-context.js:55:62
    at async D:\Hospital-chatbot\server\node_modules\@nestjs\core\router\router-proxy.js:9:17
[31m[Nest] 5776  - [39m29/08/2026, 1:23:39 am [31m  ERROR[39m [38;5;3m[HttpExceptionFilter] [39m[31mPATCH /api/v1/villages/undefined[39m
QueryFailedError: invalid input syntax for type uuid: "undefined"
    at PostgresQueryRunner.query (D:\Hospital-chatbot\server\node_modules\typeorm\driver\postgres\PostgresQueryRunner.js:216:19)
    at process.processTicksAndRejections (node:internal/process/task_queues:104:5)
    at async SelectQueryBuilder.loadRawResults (D:\Hospital-chatbot\server\node_modules\typeorm\query-builder\SelectQueryBuilder.js:2220:25)
    at async SelectQueryBuilder.executeEntitiesAndRawResults (D:\Hospital-chatbot\server\node_modules\typeorm\query-builder\SelectQueryBuilder.js:2068:26)
    at async SelectQueryBuilder.getRawAndEntities (D:\Hospital-chatbot\server\node_modules\typeorm\query-builder\SelectQueryBuilder.js:662:29)
    at async SelectQueryBuilder.getOne (D:\Hospital-chatbot\server\node_modules\typeorm\query-builder\SelectQueryBuilder.js:689:25)
    at async VillagesService.update (file:///D:/Hospital-chatbot/server/dist/modules/villages/villages.service.js:34:45)
    at async D:\Hospital-chatbot\server\node_modules\@nestjs\core\router\router-execution-context.js:55:62
    at async D:\Hospital-chatbot\server\node_modules\@nestjs\core\router\router-proxy.js:9:17
[31m[Nest] 5776  - [39m29/08/2026, 1:23:39 am [31m  ERROR[39m [38;5;3m[HttpExceptionFilter] [39m[31mDELETE /api/v1/villages/undefined[39m
QueryFailedError: invalid input syntax for type uuid: "undefined"
    at PostgresQueryRunner.query (D:\Hospital-chatbot\server\node_modules\typeorm\driver\postgres\PostgresQueryRunner.js:216:19)
    at process.processTicksAndRejections (node:internal/process/task_queues:104:5)
    at async DeleteQueryBuilder.execute (D:\Hospital-chatbot\server\node_modules\typeorm\query-builder\DeleteQueryBuilder.js:52:33)
    at async VillagesService.remove (file:///D:/Hospital-chatbot/server/dist/modules/villages/villages.service.js:41:39)
    at async D:\Hospital-chatbot\server\node_modules\@nestjs\core\router\router-execution-context.js:55:62
    at async D:\Hospital-chatbot\server\node_modules\@nestjs\core\router\router-proxy.js:9:17
[31m[Nest] 5776  - [39m29/08/2026, 1:23:39 am [31m  ERROR[39m [38;5;3m[HttpExceptionFilter] [39m[31mGET /api/v1/villages/undefined[39m
QueryFailedError: invalid input syntax for type uuid: "undefined"
    at PostgresQueryRunner.query (D:\Hospital-chatbot\server\node_modules\typeorm\driver\postgres\PostgresQueryRunner.js:216:19)
    at process.processTicksAndRejections (node:internal/process/task_queues:104:5)
    at async SelectQueryBuilder.loadRawResults (D:\Hospital-chatbot\server\node_modules\typeorm\query-builder\SelectQueryBuilder.js:2220:25)
    at async SelectQueryBuilder.executeEntitiesAndRawResults (D:\Hospital-chatbot\server\node_modules\typeorm\query-builder\SelectQueryBuilder.js:2068:26)
    at async SelectQueryBuilder.getRawAndEntities (D:\Hospital-chatbot\server\node_modules\typeorm\query-builder\SelectQueryBuilder.js:662:29)
    at async SelectQueryBuilder.getOne (D:\Hospital-chatbot\server\node_modules\typeorm\query-builder\SelectQueryBuilder.js:689:25)
    at async VillagesService.findOne (file:///D:/Hospital-chatbot/server/dist/modules/villages/villages.service.js:32:38)
    at async D:\Hospital-chatbot\server\node_modules\@nestjs\core\router\router-execution-context.js:55:62
    at async D:\Hospital-chatbot\server\node_modules\@nestjs\core\router\router-proxy.js:9:17
